[prxobanana2.wixsite.com/lightux/index.html]
[static.parastorage.com/unpkg/core-js-bundle@3.2.1/minified.js]
[static.parastorage.com/unpkg/focus-within-polyfill@5.0.9/dist/focus-within-polyfill.js]
[backblue.gif]
[fade.gif]
[index.html]
[polyfill.io/v3/polyfill.mind82c.js]
[static.wixstatic.com/media/122a2b_203d1fd5b65e41ea9c7eefee35d7068b_mv2.jpg/v1/fill/w_147,h_92,al_c,q_80,usm_0.66_1.00_0.01,blur_2,enc_auto/122a2b_203d1fd5b65e41ea9c7eefee35d7068b_mv2.jpg]
[prxobanana2.wixsite.com/lightux/pckeysystem.html]
[prxobanana2.wixsite.com/lightux/mobilekeysystem.html]
[browser.sentry-cdn.com/6.18.2/bundle.min.js]
[prxobanana2.wixsite.com/lightux/robots.7.delayed]
[prxobanana2.wixsite.com/lightux/sitemap.8.delayed]
[prxobanana2.wixsite.com/lightux/feed.9.delayed]
[prxobanana2.wixsite.com/lightux/${n.a.delayed]
[static.parastorage.com/services/wix-thunderbolt/dist/thunderbolt-commons.cc9fc648.bundle.min.js]
[static.parastorage.com/services/wix-thunderbolt/dist/main.9bd50d34.bundle.min.js]
[static.parastorage.com/unpkg/lodash@4.17.21/lodash.min.js]
[static.parastorage.com/unpkg/react@16.14.0/umd/react.production.min.js]
[static.parastorage.com/unpkg/react-dom@16.14.0/umd/react-dom.production.min.js]
[prxobanana2.wixsite.com/lightux/decodeURIComponent(e.10.delayed]
[static.parastorage.com/services/tag-manager-client/1.705.0/siteTags.bundle.min.js]
[prxobanana2.wixsite.com/lightux/index.html]
[static.parastorage.com/services/wix-perf-measure/1.1058.0/wix-perf-measure.umd.min.js]
[prxobanana2.wixsite.com/lightux/pckeysystem.html]
[prxobanana2.wixsite.com/lightux/mobilekeysystem.html]
[prxobanana2.wixsite.com/lightux/robots.html]
[prxobanana2.wixsite.com/lightux/sitemap.html]
[prxobanana2.wixsite.com/lightux/feed.html]
[prxobanana2.wixsite.com/lightux/${n.html]
[prxobanana2.wixsite.com/lightux/decodeURIComponent(e.html]
[prxobanana2.wixsite.com/lightux/lightux.html]
[static.wixstatic.com/media/122a2b_1e6b6c4f02124b03a5fbd7a5a81b536b_mv2.jpg/v1/fill/w_147,h_83,al_c,q_80,usm_0.66_1.00_0.01,blur_2,enc_auto/122a2b_1e6b6c4f02124b03a5fbd7a5a81b536b_mv2.jpg]
[static.wixstatic.com/media/122a2b_cf191c329e9846c4bbf00e086347b1b4_mv2.png/v1/fill/w_31,h_31,al_c,lg_1,q_85,enc_auto/icons8-crown-24.png]
[static.wixstatic.com/media/122a2b_cf7747ddef0c4e869a9bb6abfbd4e37c_mv2.png/v1/fill/w_31,h_31,al_c,lg_1,q_85,enc_auto/icons8-scroll-24.png]
[static.wixstatic.com/media/122a2b_3c82b8c31a7a491b9b518a048bc9a447_mv2.png/v1/fill/w_31,h_31,al_c,lg_1,q_85,enc_auto/icons8-password-key-24.png]
[static.wixstatic.com/media/122a2b_6b5266f3c02d4172a33f535f9e580302_mv2.png/v1/fill/w_34,h_34,al_c,lg_1,q_85,enc_auto/icons8-sort-down-24.png]
[static.wixstatic.com/media/122a2b_ccdedad39f20487784080219b166b702_mv2.png/v1/fill/w_19,h_19,al_c,q_85,usm_0.66_1.00_0.01,enc_auto/icons8-close-24.png]
[static.wixstatic.com/media/122a2b_06507dc808ed4017bce8f89ee825f198_mv2.png/v1/fill/w_19,h_19,al_c,q_85,usm_0.66_1.00_0.01,enc_auto/icons8-done-48.png]
[prxobanana2.wixsite.com/lightux/lightux.html]
